// Jest Snapshot v1, https://goo.gl/fbAQLP

exports[`/home/usul/FocusReactive/GitNation/React.Amsterdam/build/googlec4f3b23869b0e360.html 1`] = `"google-site-verification: googlec4f3b23869b0e360.html"`;
